
Structure for table:          D:\POLIDISK\ERB8084.DBF
Number of data records:       3166    
Date of last update:          07/01/09
Code Page:                    1252    
Field  Field Name      Type                Width    Dec   Index   Collate Nulls    Next    Step
    1  GL              Character               1                             No
    2  ST              Numeric                 2                             No
    3  CY              Numeric                 3                             No
    4  CYKEY           Character               5            Asc   Machine    No
    5  STA             Character               2                             No
    6  CYABB           Character               5                             No
    7  CNAME           Character              24                             No
    8  G80P_YEAR       Numeric                 4                             No
    9  G80P_DV         Numeric                 9                             No
   10  G80P_RV         Numeric                 9                             No
   11  G80P_I1V        Numeric                 9                             No
   12  G80P_I2V        Numeric                 9                             No
   13  G80P_SV         Numeric                 9                             No
   14  G80P_TV         Numeric                 9                             No
   15  G80P_DP         Numeric                 5      1                      No
   16  G80P_RP         Numeric                 5      1                      No
   17  G80P_I1P        Numeric                 5      1                      No
   18  G80P_I2P        Numeric                 5      1                      No
   19  G80P_SP         Numeric                 5      1                      No
   20  G80P_WF         Character               1                             No
   21  G80P_PV         Numeric                 9                             No
   22  G80P_PP         Numeric                 5      1                      No
   23  G80P_OV         Numeric                 9                             No
   24  G80P_OP         Numeric                 5      1                      No
   25  G80P_M1V        Numeric                 9                             No
   26  G80P_M2V        Numeric                 9                             No
   27  G80P_M3V        Numeric                 9                             No
   28  G80P_M4V        Numeric                 9                             No
   29  G80P_M5V        Numeric                 9                             No
   30  G84P_YEAR       Numeric                 4                             No
   31  G84P_DV         Numeric                 9                             No
   32  G84P_RV         Numeric                 9                             No
   33  G84P_I1V        Numeric                 9                             No
   34  G84P_I2V        Numeric                 9                             No
   35  G84P_SV         Numeric                 9                             No
   36  G84P_TV         Numeric                 9                             No
   37  G84P_DP         Numeric                 5      1                      No
   38  G84P_RP         Numeric                 5      1                      No
   39  G84P_I1P        Numeric                 5      1                      No
   40  G84P_I2P        Numeric                 5      1                      No
   41  G84P_SP         Numeric                 5      1                      No
   42  G84P_WF         Character               1                             No
   43  G84P_PV         Numeric                 9                             No
   44  G84P_PP         Numeric                 5      1                      No
   45  G84P_OV         Numeric                 9                             No
   46  G84P_OP         Numeric                 5      1                      No
   47  G84P_M1V        Numeric                 9                             No
   48  G84P_M2V        Numeric                 9                             No
   49  G84P_M3V        Numeric                 9                             No
   50  G84P_M4V        Numeric                 9                             No
   51  G84P_M5V        Numeric                 9                             No
   52  POP_FIELDS      Character               1                             No
   53  POP_1980        Numeric                 9                             No
   54  VAP_1980        Numeric                 9                             No
   55  POP_1984        Numeric                 9                             No
   56  VAP_1984        Numeric                 9                             No
   57  POPM_1980       Character               1                             No
   58  VAPM_1980       Character               1                             No
   59  POPM_1984       Character               1                             No
   60  VAPM_1984       Character               1                             No
   61  G80P_TAPV       Numeric                 5      1                      No
   62  G84P_TAPV       Numeric                 5      1                      No
   63  G80P_TAPP       Numeric                 5      1                      No
   64  G84P_TAPP       Numeric                 5      1                      No
   65  FF              Character               1                             No
   66  VERSION         Character               5                             No
** Total **                                  424
