
Structure for table:          D:\POLIDISK\ERB8892.DBF
Number of data records:       3166    
Date of last update:          07/01/09
Code Page:                    1252    
Field  Field Name      Type                Width    Dec   Index   Collate Nulls    Next    Step
    1  GL              Character               1                             No
    2  ST              Numeric                 2                             No
    3  CY              Numeric                 3                             No
    4  CYKEY           Character               5            Asc   Machine    No
    5  STA             Character               2                             No
    6  CYABB           Character               5                             No
    7  CNAME           Character              24                             No
    8  G88P_YEAR       Numeric                 4                             No
    9  G88P_DV         Numeric                 9                             No
   10  G88P_RV         Numeric                 9                             No
   11  G88P_I1V        Numeric                 9                             No
   12  G88P_I2V        Numeric                 9                             No
   13  G88P_SV         Numeric                 9                             No
   14  G88P_TV         Numeric                 9                             No
   15  G88P_DP         Numeric                 5      1                      No
   16  G88P_RP         Numeric                 5      1                      No
   17  G88P_I1P        Numeric                 5      1                      No
   18  G88P_I2P        Numeric                 5      1                      No
   19  G88P_SP         Numeric                 5      1                      No
   20  G88P_WF         Character               1                             No
   21  G88P_PV         Numeric                 9                             No
   22  G88P_PP         Numeric                 5      1                      No
   23  G88P_OV         Numeric                 9                             No
   24  G88P_OP         Numeric                 5      1                      No
   25  G88P_M1V        Numeric                 9                             No
   26  G88P_M2V        Numeric                 9                             No
   27  G88P_M3V        Numeric                 9                             No
   28  G88P_M4V        Numeric                 9                             No
   29  G88P_M5V        Numeric                 9                             No
   30  G92P_YEAR       Numeric                 4                             No
   31  G92P_DV         Numeric                 9                             No
   32  G92P_RV         Numeric                 9                             No
   33  G92P_I1V        Numeric                 9                             No
   34  G92P_I2V        Numeric                 9                             No
   35  G92P_SV         Numeric                 9                             No
   36  G92P_TV         Numeric                 9                             No
   37  G92P_DP         Numeric                 5      1                      No
   38  G92P_RP         Numeric                 5      1                      No
   39  G92P_I1P        Numeric                 5      1                      No
   40  G92P_I2P        Numeric                 5      1                      No
   41  G92P_SP         Numeric                 5      1                      No
   42  G92P_WF         Character               1                             No
   43  G92P_PV         Numeric                 9                             No
   44  G92P_PP         Numeric                 5      1                      No
   45  G92P_OV         Numeric                 9                             No
   46  G92P_OP         Numeric                 5      1                      No
   47  G92P_M1V        Numeric                 9                             No
   48  G92P_M2V        Numeric                 9                             No
   49  G92P_M3V        Numeric                 9                             No
   50  G92P_M4V        Numeric                 9                             No
   51  G92P_M5V        Numeric                 9                             No
   52  POP_FIELDS      Character               1                             No
   53  POP_1988        Numeric                 9                             No
   54  VAP_1988        Numeric                 9                             No
   55  POP_1992        Numeric                 9                             No
   56  VAP_1992        Numeric                 9                             No
   57  POPM_1988       Character               1                             No
   58  VAPM_1988       Character               1                             No
   59  POPM_1992       Character               1                             No
   60  VAPM_1992       Character               1                             No
   61  G88P_TAPV       Numeric                 5      1                      No
   62  G92P_TAPV       Numeric                 5      1                      No
   63  G88P_TAPP       Numeric                 5      1                      No
   64  G92P_TAPP       Numeric                 5      1                      No
   65  FF              Character               1                             No
   66  VERSION         Character               5                             No
** Total **                                  424
